interactions:
- request:
    body: null
    headers:
      Accept:
      - application/json
      Accept-Encoding:
      - gzip, deflate
      CommandName:
      - aks create
      Connection:
      - keep-alive
      ParameterSetName:
      - --resource-group --name --nodepool-name --generate-ssh-keys --vm-set-type
        --node-count -o
      User-Agent:
      - python/3.6.10 (Linux-4.19.76-linuxkit-x86_64-with) msrest/0.6.18 msrest_azure/0.6.3
        azure-mgmt-resource/10.2.0 Azure-SDK-For-Python AZURECLI/2.14.0 (DOCKER)
      accept-language:
      - en-US
    method: GET
    uri: https://management.azure.com/subscriptions/00000000-0000-0000-0000-000000000000/resourcegroups/clitest000001?api-version=2020-06-01
  response:
    body:
      string: '{"id":"/subscriptions/00000000-0000-0000-0000-000000000000/resourceGroups/clitest000001","name":"clitest000001","type":"Microsoft.Resources/resourceGroups","location":"westus2","tags":{"product":"azurecli","cause":"automation","date":"2020-11-18T01:34:21Z"},"properties":{"provisioningState":"Succeeded"}}'
    headers:
      cache-control:
      - no-cache
      content-length:
      - '313'
      content-type:
      - application/json; charset=utf-8
      date:
      - Wed, 18 Nov 2020 01:34:23 GMT
      expires:
      - '-1'
      pragma:
      - no-cache
      strict-transport-security:
      - max-age=31536000; includeSubDomains
      vary:
      - Accept-Encoding
      x-content-type-options:
      - nosniff
    status:
      code: 200
      message: OK
- request:
    body: '{"location": "westus2", "properties": {"kubernetesVersion": "", "dnsPrefix":
      "cliakstest-clitestm2v5jwcfk-c10894", "agentPoolProfiles": [{"count": 1, "vmSize":
      "Standard_DS2_v2", "osType": "Linux", "type": "VirtualMachineScaleSets", "mode":
      "System", "enableNodePublicIP": false, "scaleSetPriority": "Regular", "scaleSetEvictionPolicy":
      "Delete", "name": "c000003"}], "linuxProfile": {"adminUsername": "azureuser",
      "ssh": {"publicKeys": [{"keyData": "ssh-rsa AAAAB3NzaC1yc2EAAAADAQABAAABAQCvNFAG/ZptDEgHTHXsBUDJDEMtqzsi12P0IDz4k76NTnyxdlh7lXcqvGbVpHL7ro3nhUseltnR7GQyzxWdLnCzNvX46kajXJcpQsuXaznH8ZaEn1iIgJvlnascjUrzLvsMJKB9ktvwSnvkt1sN/juOOYtnFi57NrtbuWBl6+kdD9wKMoIZ91mEr6Irq+HXOnMvL365gqZ1yOiQOostB1OZZ97skyAW7zbNvIRwjUTiAY3G0rP1ajX5PRKTTyj3w6Wu3rKhG4Vz4ij9iGE2Xz9d0Ox6tfOAcmtIK6DmpYCrLrAeaSgQ2QlwWBUqwitvjXCJQtjrNiykTB/SAqs5iATv"}]}},
      "servicePrincipalProfile": {"clientId": "b87b0a53-4456-46a8-ae7d-f4b768d5bc6c",
      "secret": "a5d76bc451440955465d$"}, "addonProfiles": {}, "enableRBAC": true,
      "enablePodSecurityPolicy": false, "networkProfile": {"networkPlugin": "kubenet",
      "podCidr": "10.244.0.0/16", "serviceCidr": "10.0.0.0/16", "dnsServiceIP": "10.0.0.10",
      "dockerBridgeCidr": "172.17.0.1/16", "outboundType": "loadBalancer", "loadBalancerSku":
      "standard"}}}'
    headers:
      Accept:
      - application/json
      Accept-Encoding:
      - gzip, deflate
      CommandName:
      - aks create
      Connection:
      - keep-alive
      Content-Length:
      - '1263'
      Content-Type:
      - application/json; charset=utf-8
      ParameterSetName:
      - --resource-group --name --nodepool-name --generate-ssh-keys --vm-set-type
        --node-count -o
      User-Agent:
      - python/3.6.10 (Linux-4.19.76-linuxkit-x86_64-with) msrest/0.6.18 msrest_azure/0.6.3
        azure-mgmt-containerservice/4.4.6 Azure-SDK-For-Python AZURECLI/2.14.0 (DOCKER)
      accept-language:
      - en-US
    method: PUT
    uri: https://management.azure.com/subscriptions/00000000-0000-0000-0000-000000000000/resourceGroups/clitest000001/providers/Microsoft.ContainerService/managedClusters/cliakstest000002?api-version=2020-11-01
  response:
    body:
      string: "{\n  \"id\": \"/subscriptions/00000000-0000-0000-0000-000000000000/resourcegroups/clitest000001/providers/Microsoft.ContainerService/managedClusters/cliakstest000002\"\
        ,\n  \"location\": \"westus2\",\n  \"name\": \"cliakstest000002\",\n  \"type\"\
        : \"Microsoft.ContainerService/ManagedClusters\",\n  \"properties\": {\n \
        \  \"provisioningState\": \"Creating\",\n   \"powerState\": {\n    \"code\"\
        : \"Running\"\n   },\n   \"kubernetesVersion\": \"1.17.13\",\n   \"dnsPrefix\"\
        : \"cliakstest-clitestm2v5jwcfk-c10894\",\n   \"fqdn\": \"cliakstest-clitestm2v5jwcfk-c10894-92c8d07e.hcp.westus2.azmk8s.io\"\
        ,\n   \"agentPoolProfiles\": [\n    {\n     \"name\": \"c000003\",\n     \"\
        count\": 1,\n     \"vmSize\": \"Standard_DS2_v2\",\n     \"osDiskSizeGB\"\
        : 128,\n     \"osDiskType\": \"Managed\",\n     \"maxPods\": 110,\n     \"\
        type\": \"VirtualMachineScaleSets\",\n     \"provisioningState\": \"Creating\"\
        ,\n     \"powerState\": {\n      \"code\": \"Running\"\n     },\n     \"orchestratorVersion\"\
        : \"1.17.13\",\n     \"enableNodePublicIP\": false,\n     \"nodeLabels\":\
        \ {},\n     \"mode\": \"System\",\n     \"osType\": \"Linux\",\n     \"nodeImageVersion\"\
        : \"AKSUbuntu-1604-2020.10.28\"\n    }\n   ],\n   \"linuxProfile\": {\n  \
        \  \"adminUsername\": \"azureuser\",\n    \"ssh\": {\n     \"publicKeys\"\
        : [\n      {\n       \"keyData\": \"ssh-rsa AAAAB3NzaC1yc2EAAAADAQABAAABAQCvNFAG/ZptDEgHTHXsBUDJDEMtqzsi12P0IDz4k76NTnyxdlh7lXcqvGbVpHL7ro3nhUseltnR7GQyzxWdLnCzNvX46kajXJcpQsuXaznH8ZaEn1iIgJvlnascjUrzLvsMJKB9ktvwSnvkt1sN/juOOYtnFi57NrtbuWBl6+kdD9wKMoIZ91mEr6Irq+HXOnMvL365gqZ1yOiQOostB1OZZ97skyAW7zbNvIRwjUTiAY3G0rP1ajX5PRKTTyj3w6Wu3rKhG4Vz4ij9iGE2Xz9d0Ox6tfOAcmtIK6DmpYCrLrAeaSgQ2QlwWBUqwitvjXCJQtjrNiykTB/SAqs5iATv\"\
        \n      }\n     ]\n    }\n   },\n   \"servicePrincipalProfile\": {\n    \"\
        clientId\": \"b87b0a53-4456-46a8-ae7d-f4b768d5bc6c\"\n   },\n   \"addonProfiles\"\
        : {\n    \"KubeDashboard\": {\n     \"enabled\": true,\n     \"config\": null\n\
        \    }\n   },\n   \"nodeResourceGroup\": \"MC_clitest000001_cliakstest000002_westus2\"\
        ,\n   \"enableRBAC\": true,\n   \"enablePodSecurityPolicy\": false,\n   \"\
        networkProfile\": {\n    \"networkPlugin\": \"kubenet\",\n    \"loadBalancerSku\"\
        : \"standard\",\n    \"loadBalancerProfile\": {\n     \"managedOutboundIPs\"\
        : {\n      \"count\": 1\n     }\n    },\n    \"podCidr\": \"10.244.0.0/16\"\
        ,\n    \"serviceCidr\": \"10.0.0.0/16\",\n    \"dnsServiceIP\": \"10.0.0.10\"\
        ,\n    \"dockerBridgeCidr\": \"172.17.0.1/16\",\n    \"outboundType\": \"\
        loadBalancer\"\n   },\n   \"maxAgentPools\": 10\n  },\n  \"sku\": {\n   \"\
        name\": \"Basic\",\n   \"tier\": \"Free\"\n  }\n }"
    headers:
      azure-asyncoperation:
      - https://management.azure.com/subscriptions/00000000-0000-0000-0000-000000000000/providers/Microsoft.ContainerService/locations/westus2/operations/12d87b9e-9105-45f4-9d1a-20860ebf056f?api-version=2016-03-30
      cache-control:
      - no-cache
      content-length:
      - '2364'
      content-type:
      - application/json
      date:
      - Wed, 18 Nov 2020 01:34:28 GMT
      expires:
      - '-1'
      pragma:
      - no-cache
      server:
      - nginx
      strict-transport-security:
      - max-age=31536000; includeSubDomains
      x-content-type-options:
      - nosniff
      x-ms-ratelimit-remaining-subscription-writes:
      - '1199'
    status:
      code: 201
      message: Created
- request:
    body: null
    headers:
      Accept:
      - application/json
      Accept-Encoding:
      - gzip, deflate
      CommandName:
      - aks create
      Connection:
      - keep-alive
      ParameterSetName:
      - --resource-group --name --nodepool-name --generate-ssh-keys --vm-set-type
        --node-count -o
      User-Agent:
      - python/3.6.10 (Linux-4.19.76-linuxkit-x86_64-with) msrest/0.6.18 msrest_azure/0.6.3
        azure-mgmt-containerservice/4.4.6 Azure-SDK-For-Python AZURECLI/2.14.0 (DOCKER)
    method: GET
    uri: https://management.azure.com/subscriptions/00000000-0000-0000-0000-000000000000/providers/Microsoft.ContainerService/locations/westus2/operations/12d87b9e-9105-45f4-9d1a-20860ebf056f?api-version=2016-03-30
  response:
    body:
      string: "{\n  \"name\": \"9e7bd812-0591-f445-9d1a-20860ebf056f\",\n  \"status\"\
        : \"InProgress\",\n  \"startTime\": \"2020-11-18T01:34:28.08047Z\"\n }"
    headers:
      cache-control:
      - no-cache
      content-length:
      - '124'
      content-type:
      - application/json
      date:
      - Wed, 18 Nov 2020 01:34:58 GMT
      expires:
      - '-1'
      pragma:
      - no-cache
      server:
      - nginx
      strict-transport-security:
      - max-age=31536000; includeSubDomains
      transfer-encoding:
      - chunked
      vary:
      - Accept-Encoding
      x-content-type-options:
      - nosniff
    status:
      code: 200
      message: OK
- request:
    body: null
    headers:
      Accept:
      - application/json
      Accept-Encoding:
      - gzip, deflate
      CommandName:
      - aks create
      Connection:
      - keep-alive
      ParameterSetName:
      - --resource-group --name --nodepool-name --generate-ssh-keys --vm-set-type
        --node-count -o
      User-Agent:
      - python/3.6.10 (Linux-4.19.76-linuxkit-x86_64-with) msrest/0.6.18 msrest_azure/0.6.3
        azure-mgmt-containerservice/4.4.6 Azure-SDK-For-Python AZURECLI/2.14.0 (DOCKER)
    method: GET
    uri: https://management.azure.com/subscriptions/00000000-0000-0000-0000-000000000000/providers/Microsoft.ContainerService/locations/westus2/operations/12d87b9e-9105-45f4-9d1a-20860ebf056f?api-version=2016-03-30
  response:
    body:
      string: "{\n  \"name\": \"9e7bd812-0591-f445-9d1a-20860ebf056f\",\n  \"status\"\
        : \"InProgress\",\n  \"startTime\": \"2020-11-18T01:34:28.08047Z\"\n }"
    headers:
      cache-control:
      - no-cache
      content-length:
      - '124'
      content-type:
      - application/json
      date:
      - Wed, 18 Nov 2020 01:35:29 GMT
      expires:
      - '-1'
      pragma:
      - no-cache
      server:
      - nginx
      strict-transport-security:
      - max-age=31536000; includeSubDomains
      transfer-encoding:
      - chunked
      vary:
      - Accept-Encoding
      x-content-type-options:
      - nosniff
    status:
      code: 200
      message: OK
- request:
    body: null
    headers:
      Accept:
      - application/json
      Accept-Encoding:
      - gzip, deflate
      CommandName:
      - aks create
      Connection:
      - keep-alive
      ParameterSetName:
      - --resource-group --name --nodepool-name --generate-ssh-keys --vm-set-type
        --node-count -o
      User-Agent:
      - python/3.6.10 (Linux-4.19.76-linuxkit-x86_64-with) msrest/0.6.18 msrest_azure/0.6.3
        azure-mgmt-containerservice/4.4.6 Azure-SDK-For-Python AZURECLI/2.14.0 (DOCKER)
    method: GET
    uri: https://management.azure.com/subscriptions/00000000-0000-0000-0000-000000000000/providers/Microsoft.ContainerService/locations/westus2/operations/12d87b9e-9105-45f4-9d1a-20860ebf056f?api-version=2016-03-30
  response:
    body:
      string: "{\n  \"name\": \"9e7bd812-0591-f445-9d1a-20860ebf056f\",\n  \"status\"\
        : \"InProgress\",\n  \"startTime\": \"2020-11-18T01:34:28.08047Z\"\n }"
    headers:
      cache-control:
      - no-cache
      content-length:
      - '124'
      content-type:
      - application/json
      date:
      - Wed, 18 Nov 2020 01:35:59 GMT
      expires:
      - '-1'
      pragma:
      - no-cache
      server:
      - nginx
      strict-transport-security:
      - max-age=31536000; includeSubDomains
      transfer-encoding:
      - chunked
      vary:
      - Accept-Encoding
      x-content-type-options:
      - nosniff
    status:
      code: 200
      message: OK
- request:
    body: null
    headers:
      Accept:
      - application/json
      Accept-Encoding:
      - gzip, deflate
      CommandName:
      - aks create
      Connection:
      - keep-alive
      ParameterSetName:
      - --resource-group --name --nodepool-name --generate-ssh-keys --vm-set-type
        --node-count -o
      User-Agent:
      - python/3.6.10 (Linux-4.19.76-linuxkit-x86_64-with) msrest/0.6.18 msrest_azure/0.6.3
        azure-mgmt-containerservice/4.4.6 Azure-SDK-For-Python AZURECLI/2.14.0 (DOCKER)
    method: GET
    uri: https://management.azure.com/subscriptions/00000000-0000-0000-0000-000000000000/providers/Microsoft.ContainerService/locations/westus2/operations/12d87b9e-9105-45f4-9d1a-20860ebf056f?api-version=2016-03-30
  response:
    body:
      string: "{\n  \"name\": \"9e7bd812-0591-f445-9d1a-20860ebf056f\",\n  \"status\"\
        : \"InProgress\",\n  \"startTime\": \"2020-11-18T01:34:28.08047Z\"\n }"
    headers:
      cache-control:
      - no-cache
      content-length:
      - '124'
      content-type:
      - application/json
      date:
      - Wed, 18 Nov 2020 01:36:30 GMT
      expires:
      - '-1'
      pragma:
      - no-cache
      server:
      - nginx
      strict-transport-security:
      - max-age=31536000; includeSubDomains
      transfer-encoding:
      - chunked
      vary:
      - Accept-Encoding
      x-content-type-options:
      - nosniff
    status:
      code: 200
      message: OK
- request:
    body: null
    headers:
      Accept:
      - application/json
      Accept-Encoding:
      - gzip, deflate
      CommandName:
      - aks create
      Connection:
      - keep-alive
      ParameterSetName:
      - --resource-group --name --nodepool-name --generate-ssh-keys --vm-set-type
        --node-count -o
      User-Agent:
      - python/3.6.10 (Linux-4.19.76-linuxkit-x86_64-with) msrest/0.6.18 msrest_azure/0.6.3
        azure-mgmt-containerservice/4.4.6 Azure-SDK-For-Python AZURECLI/2.14.0 (DOCKER)
    method: GET
    uri: https://management.azure.com/subscriptions/00000000-0000-0000-0000-000000000000/providers/Microsoft.ContainerService/locations/westus2/operations/12d87b9e-9105-45f4-9d1a-20860ebf056f?api-version=2016-03-30
  response:
    body:
      string: "{\n  \"name\": \"9e7bd812-0591-f445-9d1a-20860ebf056f\",\n  \"status\"\
        : \"InProgress\",\n  \"startTime\": \"2020-11-18T01:34:28.08047Z\"\n }"
    headers:
      cache-control:
      - no-cache
      content-length:
      - '124'
      content-type:
      - application/json
      date:
      - Wed, 18 Nov 2020 01:37:01 GMT
      expires:
      - '-1'
      pragma:
      - no-cache
      server:
      - nginx
      strict-transport-security:
      - max-age=31536000; includeSubDomains
      transfer-encoding:
      - chunked
      vary:
      - Accept-Encoding
      x-content-type-options:
      - nosniff
    status:
      code: 200
      message: OK
- request:
    body: null
    headers:
      Accept:
      - application/json
      Accept-Encoding:
      - gzip, deflate
      CommandName:
      - aks create
      Connection:
      - keep-alive
      ParameterSetName:
      - --resource-group --name --nodepool-name --generate-ssh-keys --vm-set-type
        --node-count -o
      User-Agent:
      - python/3.6.10 (Linux-4.19.76-linuxkit-x86_64-with) msrest/0.6.18 msrest_azure/0.6.3
        azure-mgmt-containerservice/4.4.6 Azure-SDK-For-Python AZURECLI/2.14.0 (DOCKER)
    method: GET
    uri: https://management.azure.com/subscriptions/00000000-0000-0000-0000-000000000000/providers/Microsoft.ContainerService/locations/westus2/operations/12d87b9e-9105-45f4-9d1a-20860ebf056f?api-version=2016-03-30
  response:
    body:
      string: "{\n  \"name\": \"9e7bd812-0591-f445-9d1a-20860ebf056f\",\n  \"status\"\
        : \"InProgress\",\n  \"startTime\": \"2020-11-18T01:34:28.08047Z\"\n }"
    headers:
      cache-control:
      - no-cache
      content-length:
      - '124'
      content-type:
      - application/json
      date:
      - Wed, 18 Nov 2020 01:37:32 GMT
      expires:
      - '-1'
      pragma:
      - no-cache
      server:
      - nginx
      strict-transport-security:
      - max-age=31536000; includeSubDomains
      transfer-encoding:
      - chunked
      vary:
      - Accept-Encoding
      x-content-type-options:
      - nosniff
    status:
      code: 200
      message: OK
- request:
    body: null
    headers:
      Accept:
      - application/json
      Accept-Encoding:
      - gzip, deflate
      CommandName:
      - aks create
      Connection:
      - keep-alive
      ParameterSetName:
      - --resource-group --name --nodepool-name --generate-ssh-keys --vm-set-type
        --node-count -o
      User-Agent:
      - python/3.6.10 (Linux-4.19.76-linuxkit-x86_64-with) msrest/0.6.18 msrest_azure/0.6.3
        azure-mgmt-containerservice/4.4.6 Azure-SDK-For-Python AZURECLI/2.14.0 (DOCKER)
    method: GET
    uri: https://management.azure.com/subscriptions/00000000-0000-0000-0000-000000000000/providers/Microsoft.ContainerService/locations/westus2/operations/12d87b9e-9105-45f4-9d1a-20860ebf056f?api-version=2016-03-30
  response:
    body:
      string: "{\n  \"name\": \"9e7bd812-0591-f445-9d1a-20860ebf056f\",\n  \"status\"\
        : \"Succeeded\",\n  \"startTime\": \"2020-11-18T01:34:28.08047Z\",\n  \"endTime\"\
        : \"2020-11-18T01:37:51.4253974Z\"\n }"
    headers:
      cache-control:
      - no-cache
      content-length:
      - '168'
      content-type:
      - application/json
      date:
      - Wed, 18 Nov 2020 01:38:03 GMT
      expires:
      - '-1'
      pragma:
      - no-cache
      server:
      - nginx
      strict-transport-security:
      - max-age=31536000; includeSubDomains
      transfer-encoding:
      - chunked
      vary:
      - Accept-Encoding
      x-content-type-options:
      - nosniff
    status:
      code: 200
      message: OK
- request:
    body: null
    headers:
      Accept:
      - application/json
      Accept-Encoding:
      - gzip, deflate
      CommandName:
      - aks create
      Connection:
      - keep-alive
      ParameterSetName:
      - --resource-group --name --nodepool-name --generate-ssh-keys --vm-set-type
        --node-count -o
      User-Agent:
      - python/3.6.10 (Linux-4.19.76-linuxkit-x86_64-with) msrest/0.6.18 msrest_azure/0.6.3
        azure-mgmt-containerservice/4.4.6 Azure-SDK-For-Python AZURECLI/2.14.0 (DOCKER)
    method: GET
    uri: https://management.azure.com/subscriptions/00000000-0000-0000-0000-000000000000/resourceGroups/clitest000001/providers/Microsoft.ContainerService/managedClusters/cliakstest000002?api-version=2020-11-01
  response:
    body:
      string: "{\n  \"id\": \"/subscriptions/00000000-0000-0000-0000-000000000000/resourcegroups/clitest000001/providers/Microsoft.ContainerService/managedClusters/cliakstest000002\"\
        ,\n  \"location\": \"westus2\",\n  \"name\": \"cliakstest000002\",\n  \"type\"\
        : \"Microsoft.ContainerService/ManagedClusters\",\n  \"properties\": {\n \
        \  \"provisioningState\": \"Succeeded\",\n   \"powerState\": {\n    \"code\"\
        : \"Running\"\n   },\n   \"kubernetesVersion\": \"1.17.13\",\n   \"dnsPrefix\"\
        : \"cliakstest-clitestm2v5jwcfk-c10894\",\n   \"fqdn\": \"cliakstest-clitestm2v5jwcfk-c10894-92c8d07e.hcp.westus2.azmk8s.io\"\
        ,\n   \"agentPoolProfiles\": [\n    {\n     \"name\": \"c000003\",\n     \"\
        count\": 1,\n     \"vmSize\": \"Standard_DS2_v2\",\n     \"osDiskSizeGB\"\
        : 128,\n     \"osDiskType\": \"Managed\",\n     \"maxPods\": 110,\n     \"\
        type\": \"VirtualMachineScaleSets\",\n     \"provisioningState\": \"Succeeded\"\
        ,\n     \"powerState\": {\n      \"code\": \"Running\"\n     },\n     \"orchestratorVersion\"\
        : \"1.17.13\",\n     \"enableNodePublicIP\": false,\n     \"nodeLabels\":\
        \ {},\n     \"mode\": \"System\",\n     \"osType\": \"Linux\",\n     \"nodeImageVersion\"\
        : \"AKSUbuntu-1604-2020.10.28\"\n    }\n   ],\n   \"linuxProfile\": {\n  \
        \  \"adminUsername\": \"azureuser\",\n    \"ssh\": {\n     \"publicKeys\"\
        : [\n      {\n       \"keyData\": \"ssh-rsa AAAAB3NzaC1yc2EAAAADAQABAAABAQCvNFAG/ZptDEgHTHXsBUDJDEMtqzsi12P0IDz4k76NTnyxdlh7lXcqvGbVpHL7ro3nhUseltnR7GQyzxWdLnCzNvX46kajXJcpQsuXaznH8ZaEn1iIgJvlnascjUrzLvsMJKB9ktvwSnvkt1sN/juOOYtnFi57NrtbuWBl6+kdD9wKMoIZ91mEr6Irq+HXOnMvL365gqZ1yOiQOostB1OZZ97skyAW7zbNvIRwjUTiAY3G0rP1ajX5PRKTTyj3w6Wu3rKhG4Vz4ij9iGE2Xz9d0Ox6tfOAcmtIK6DmpYCrLrAeaSgQ2QlwWBUqwitvjXCJQtjrNiykTB/SAqs5iATv\"\
        \n      }\n     ]\n    }\n   },\n   \"servicePrincipalProfile\": {\n    \"\
        clientId\": \"b87b0a53-4456-46a8-ae7d-f4b768d5bc6c\"\n   },\n   \"addonProfiles\"\
        : {\n    \"KubeDashboard\": {\n     \"enabled\": true,\n     \"config\": null\n\
        \    }\n   },\n   \"nodeResourceGroup\": \"MC_clitest000001_cliakstest000002_westus2\"\
        ,\n   \"enableRBAC\": true,\n   \"enablePodSecurityPolicy\": false,\n   \"\
        networkProfile\": {\n    \"networkPlugin\": \"kubenet\",\n    \"loadBalancerSku\"\
        : \"Standard\",\n    \"loadBalancerProfile\": {\n     \"managedOutboundIPs\"\
        : {\n      \"count\": 1\n     },\n     \"effectiveOutboundIPs\": [\n     \
        \ {\n       \"id\": \"/subscriptions/00000000-0000-0000-0000-000000000000/resourceGroups/MC_clitest000001_cliakstest000002_westus2/providers/Microsoft.Network/publicIPAddresses/3c1c00a9-80f5-4b0f-a9e0-a25a790a3711\"\
        \n      }\n     ]\n    },\n    \"podCidr\": \"10.244.0.0/16\",\n    \"serviceCidr\"\
        : \"10.0.0.0/16\",\n    \"dnsServiceIP\": \"10.0.0.10\",\n    \"dockerBridgeCidr\"\
        : \"172.17.0.1/16\",\n    \"outboundType\": \"loadBalancer\"\n   },\n   \"\
        maxAgentPools\": 10\n  },\n  \"sku\": {\n   \"name\": \"Basic\",\n   \"tier\"\
        : \"Free\"\n  }\n }"
    headers:
      cache-control:
      - no-cache
      content-length:
      - '2632'
      content-type:
      - application/json
      date:
      - Wed, 18 Nov 2020 01:38:04 GMT
      expires:
      - '-1'
      pragma:
      - no-cache
      server:
      - nginx
      strict-transport-security:
      - max-age=31536000; includeSubDomains
      transfer-encoding:
      - chunked
      vary:
      - Accept-Encoding
      x-content-type-options:
      - nosniff
    status:
      code: 200
      message: OK
- request:
    body: null
    headers:
      Accept:
      - application/json
      Accept-Encoding:
      - gzip, deflate
      CommandName:
      - aks nodepool upgrade
      Connection:
      - keep-alive
      Content-Length:
      - '0'
      ParameterSetName:
      - --resource-group --cluster-name -n --node-image-only --no-wait
      User-Agent:
      - python/3.6.10 (Linux-4.19.76-linuxkit-x86_64-with) msrest/0.6.18 msrest_azure/0.6.3
        azure-mgmt-containerservice/4.4.6 Azure-SDK-For-Python AZURECLI/2.14.0 (DOCKER)
      accept-language:
      - en-US
    method: POST
    uri: https://management.azure.com/subscriptions/00000000-0000-0000-0000-000000000000/resourceGroups/clitest000001/providers/Microsoft.ContainerService/managedClusters/cliakstest000002/agentPools/c000003/upgradeNodeImageVersion?api-version=2020-11-01
  response:
    body:
      string: "{\n  \"id\": \"/subscriptions/00000000-0000-0000-0000-000000000000/resourcegroups/clitest000001/providers/Microsoft.ContainerService/managedClusters/cliakstest000002/agentPools/c000003\"\
        ,\n  \"name\": \"c000003\",\n  \"type\": \"Microsoft.ContainerService/managedClusters/agentPools\"\
        ,\n  \"properties\": {\n   \"count\": 1,\n   \"vmSize\": \"Standard_DS2_v2\"\
        ,\n   \"osDiskSizeGB\": 128,\n   \"osDiskType\": \"Managed\",\n   \"maxPods\"\
        : 110,\n   \"type\": \"VirtualMachineScaleSets\",\n   \"provisioningState\"\
        : \"UpgradingNodeImageVersion\",\n   \"powerState\": {\n    \"code\": \"Running\"\
        \n   },\n   \"orchestratorVersion\": \"1.17.13\",\n   \"enableNodePublicIP\"\
        : false,\n   \"nodeLabels\": {},\n   \"mode\": \"System\",\n   \"osType\"\
        : \"Linux\",\n   \"nodeImageVersion\": \"AKSUbuntu-1604-2020.10.28\"\n  }\n\
        \ }"
    headers:
      azure-asyncoperation:
      - https://management.azure.com/subscriptions/00000000-0000-0000-0000-000000000000/providers/Microsoft.ContainerService/locations/westus2/operations/f0d7745c-135d-4211-bb14-3f147c80b44f?api-version=2016-03-30
      cache-control:
      - no-cache
      content-length:
      - '737'
      content-type:
      - application/json
      date:
      - Wed, 18 Nov 2020 01:38:05 GMT
      expires:
      - '-1'
      location:
      - https://management.azure.com/subscriptions/00000000-0000-0000-0000-000000000000/providers/Microsoft.ContainerService/locations/westus2/operationresults/f0d7745c-135d-4211-bb14-3f147c80b44f?api-version=2016-03-30
      pragma:
      - no-cache
      server:
      - nginx
      strict-transport-security:
      - max-age=31536000; includeSubDomains
      x-content-type-options:
      - nosniff
      x-ms-ratelimit-remaining-subscription-writes:
      - '1199'
    status:
      code: 202
      message: Accepted
- request:
    body: null
    headers:
      Accept:
      - application/json
      Accept-Encoding:
      - gzip, deflate
      CommandName:
      - aks nodepool show
      Connection:
      - keep-alive
      ParameterSetName:
      - --resource-group --cluster-name -n
      User-Agent:
      - python/3.6.10 (Linux-4.19.76-linuxkit-x86_64-with) msrest/0.6.18 msrest_azure/0.6.3
        azure-mgmt-containerservice/4.4.6 Azure-SDK-For-Python AZURECLI/2.14.0 (DOCKER)
      accept-language:
      - en-US
    method: GET
    uri: https://management.azure.com/subscriptions/00000000-0000-0000-0000-000000000000/resourceGroups/clitest000001/providers/Microsoft.ContainerService/managedClusters/cliakstest000002/agentPools/c000003?api-version=2020-11-01
  response:
    body:
      string: "{\n  \"id\": \"/subscriptions/00000000-0000-0000-0000-000000000000/resourcegroups/clitest000001/providers/Microsoft.ContainerService/managedClusters/cliakstest000002/agentPools/c000003\"\
        ,\n  \"name\": \"c000003\",\n  \"type\": \"Microsoft.ContainerService/managedClusters/agentPools\"\
        ,\n  \"properties\": {\n   \"count\": 1,\n   \"vmSize\": \"Standard_DS2_v2\"\
        ,\n   \"osDiskSizeGB\": 128,\n   \"osDiskType\": \"Managed\",\n   \"maxPods\"\
        : 110,\n   \"type\": \"VirtualMachineScaleSets\",\n   \"provisioningState\"\
        : \"UpgradingNodeImageVersion\",\n   \"powerState\": {\n    \"code\": \"Running\"\
        \n   },\n   \"orchestratorVersion\": \"1.17.13\",\n   \"enableNodePublicIP\"\
        : false,\n   \"nodeLabels\": {},\n   \"mode\": \"System\",\n   \"osType\"\
        : \"Linux\",\n   \"nodeImageVersion\": \"AKSUbuntu-1604-2020.10.28\"\n  }\n\
        \ }"
    headers:
      cache-control:
      - no-cache
      content-length:
      - '737'
      content-type:
      - application/json
      date:
      - Wed, 18 Nov 2020 01:38:06 GMT
      expires:
      - '-1'
      pragma:
      - no-cache
      server:
      - nginx
      strict-transport-security:
      - max-age=31536000; includeSubDomains
      transfer-encoding:
      - chunked
      vary:
      - Accept-Encoding
      x-content-type-options:
      - nosniff
    status:
      code: 200
      message: OK
version: 1
